// Jest Snapshot v1, https://goo.gl/fbAQLP

exports[`NavHeader component Snapshots matches 1`] = `
<nav
  class="wrapper flex-center"
>
  <a
    class="title"
  >
    
    Planning Poker
  
  </a>
   
  <div
    class="flex-center"
  >
    <div
      class="divider"
    />
     
    <navlogin-stub />
  </div>
</nav>
`;
